// Jest Snapshot v1, https://goo.gl/fbAQLP

exports[`Infrastructure created 1`] = `
"{
  "Resources": {
    "schedulingtable85BE2571": {
      "Type": "AWS::DynamoDB::Table",
      "Properties": {
        "AttributeDefinitions": [
          {
            "AttributeName": "pk",
            "AttributeType": "S"
          },
          {
            "AttributeName": "sk",
            "AttributeType": "S"
          }
        ],
        "KeySchema": [
          {
            "AttributeName": "pk",
            "KeyType": "HASH"
          },
          {
            "AttributeName": "sk",
            "KeyType": "RANGE"
          }
        ],
        "ProvisionedThroughput": {
          "ReadCapacityUnits": 5,
          "WriteCapacityUnits": 5
        },
        "TableName": "SchedulingTable",
        "TimeToLiveSpecification": {
          "AttributeName": "expiration",
          "Enabled": true
        }
      },
      "UpdateReplacePolicy": "Retain",
      "DeletionPolicy": "Retain"
    },
    "rostertableD9ABA61B": {
      "Type": "AWS::DynamoDB::Table",
      "Properties": {
        "AttributeDefinitions": [
          {
            "AttributeName": "pk",
            "AttributeType": "S"
          },
          {
            "AttributeName": "sk",
            "AttributeType": "S"
          }
        ],
        "KeySchema": [
          {
            "AttributeName": "pk",
            "KeyType": "HASH"
          },
          {
            "AttributeName": "sk",
            "KeyType": "RANGE"
          }
        ],
        "ProvisionedThroughput": {
          "ReadCapacityUnits": 5,
          "WriteCapacityUnits": 5
        },
        "SSESpecification": {
          "SSEEnabled": true
        },
        "TableName": "RosterTable",
        "TimeToLiveSpecification": {
          "AttributeName": "expires",
          "Enabled": true
        }
      },
      "UpdateReplacePolicy": "Delete",
      "DeletionPolicy": "Delete"
    },
    "bottableD8ACD17D": {
      "Type": "AWS::DynamoDB::Table",
      "Properties": {
        "AttributeDefinitions": [
          {
            "AttributeName": "pk",
            "AttributeType": "S"
          },
          {
            "AttributeName": "sk",
            "AttributeType": "S"
          }
        ],
        "KeySchema": [
          {
            "AttributeName": "pk",
            "KeyType": "HASH"
          },
          {
            "AttributeName": "sk",
            "KeyType": "RANGE"
          }
        ],
        "ProvisionedThroughput": {
          "ReadCapacityUnits": 5,
          "WriteCapacityUnits": 5
        },
        "SSESpecification": {
          "SSEEnabled": true
        },
        "TableName": "BotTable",
        "TimeToLiveSpecification": {
          "AttributeName": "expires",
          "Enabled": true
        }
      },
      "UpdateReplacePolicy": "Retain",
      "DeletionPolicy": "Retain"
    }
  },
  "Outputs": {
    "ExportsOutputFnGetAttrostertableD9ABA61BArnB204E024": {
      "Value": {
        "Fn::GetAtt": [
          "rostertableD9ABA61B",
          "Arn"
        ]
      },
      "Export": {
        "Name": "stack:ExportsOutputFnGetAttrostertableD9ABA61BArnB204E024"
      }
    }
  },
  "Parameters": {
    "BootstrapVersion": {
      "Type": "AWS::SSM::Parameter::Value<String>",
      "Default": "/cdk-bootstrap/hnb659fds/version",
      "Description": "Version of the CDK Bootstrap resources in this environment, automatically retrieved from SSM Parameter Store. [cdk:skip]"
    }
  },
  "Rules": {
    "CheckBootstrapVersion": {
      "Assertions": [
        {
          "Assert": {
            "Fn::Not": [
              {
                "Fn::Contains": [
                  [
                    "1",
                    "2",
                    "3",
                    "4",
                    "5"
                  ],
                  {
                    "Ref": "BootstrapVersion"
                  }
                ]
              }
            ]
          },
          "AssertDescription": "CDK bootstrap stack version 6 required. Please run 'cdk bootstrap' with a recent version of the CDK CLI."
        }
      ]
    }
  }
}"
`;
